[debug] [2026-01-01T21:36:56.241Z] ----------------------------------------------------------------------
[debug] [2026-01-01T21:36:56.244Z] Command:       C:\Program Files\nodejs\node.exe C:\Users\Emrullah\AppData\Local\npm-cache\_npx\ba4f1959e38407b5\node_modules\firebase-tools\lib\bin\firebase.js init dataconnect --project demo-no-project
[debug] [2026-01-01T21:36:56.244Z] CLI Version:   15.1.0
[debug] [2026-01-01T21:36:56.245Z] Platform:      win32
[debug] [2026-01-01T21:36:56.245Z] Node Version:  v24.11.1
[debug] [2026-01-01T21:36:56.245Z] Time:          Fri Jan 02 2026 00:36:56 GMT+0300 (GMT+03:00)
[debug] [2026-01-01T21:36:56.245Z] ----------------------------------------------------------------------
[debug] 
[debug] [2026-01-01T21:36:56.247Z] >>> [apiv2][query] GET https://firebase-public.firebaseio.com/cli.json [none]
[info] 
     ######## #### ########  ######## ########     ###     ######  ########
     ##        ##  ##     ## ##       ##     ##  ##   ##  ##       ##
     ######    ##  ########  ######   ########  #########  ######  ######
     ##        ##  ##    ##  ##       ##     ## ##     ##       ## ##
     ##       #### ##     ## ######## ########  ##     ##  ######  ########

You're about to initialize a Firebase project in this directory:

  C:\Users\Emrullah\OneDrive\Desktop\MOTTO\MottoPos

[debug] [2026-01-01T21:36:58.852Z] <<< [apiv2][status] GET https://firebase-public.firebaseio.com/cli.json 200
[debug] [2026-01-01T21:36:58.852Z] <<< [apiv2][body] GET https://firebase-public.firebaseio.com/cli.json {"cloudBuildErrorAfter":1594252800000,"cloudBuildWarnAfter":1590019200000,"defaultNode10After":1594252800000,"minVersion":"3.0.5","node8DeploysDisabledAfter":1613390400000,"node8RuntimeDisabledAfter":1615809600000,"node8WarnAfter":1600128000000}
[debug] [2026-01-01T21:41:00.271Z] ExitPromptError: User force closed the prompt with SIGINT
    at Interface.sigint (C:\Users\Emrullah\AppData\Local\npm-cache\_npx\ba4f1959e38407b5\node_modules\@inquirer\core\dist\commonjs\lib\create-prompt.js:101:37)
    at Interface.emit (node:events:508:28)
    at [_ttyWrite] [as _ttyWrite] (node:internal/readline/interface:1317:18)
    at ReadStream.onkeypress (node:internal/readline/interface:284:20)
    at ReadStream.emit (node:events:520:35)
    at emitKeys (node:internal/readline/utils:371:14)
    at emitKeys.next (<anonymous>)
    at ReadStream.onData (node:internal/readline/emitKeypressEvents:64:36)
    at ReadStream.emit (node:events:508:28)
    at addChunk (node:internal/streams/readable:559:12)
[error] 
[error] Error: An unexpected error has occurred.
